16:02:06 **** Incremental Build of configuration Debug for project 220425_I2C_LCD_Time ****
make -j8 all 
arm-none-eabi-gcc "../Core/Src/main.c" -mcpu=cortex-m3 -std=gnu11 -g3 -DDEBUG -DUSE_HAL_DRIVER -DSTM32F103xB -c -I../Core/Inc -I../Drivers/STM32F1xx_HAL_Driver/Inc -I../Drivers/STM32F1xx_HAL_Driver/Inc/Legacy -I../Drivers/CMSIS/Device/ST/STM32F1xx/Include -I../Drivers/CMSIS/Include -O0 -ffunction-sections -fdata-sections -Wall -fstack-usage -MMD -MP -MF"Core/Src/main.d" -MT"Core/Src/main.o" --specs=nano.specs -mfloat-abi=soft -mthumb -o "Core/Src/main.o"
../Core/Src/main.c: In function 'main':
../Core/Src/main.c:114:2: warning: implicit declaration of function 'lcd_init' [-Wimplicit-function-declaration]
  114 |  lcd_init();
      |  ^~~~~~~~
../Core/Src/main.c:123:3: warning: implicit declaration of function 'lcd_put_cur' [-Wimplicit-function-declaration]
  123 |   lcd_put_cur(0, 0);
      |   ^~~~~~~~~~~
../Core/Src/main.c:124:3: warning: implicit declaration of function 'lcd_send_string' [-Wimplicit-function-declaration]
  124 |   lcd_send_string("clock");
      |   ^~~~~~~~~~~~~~~
../Core/Src/main.c:129:3: warning: implicit declaration of function 'sprintf' [-Wimplicit-function-declaration]
  129 |   sprintf(str, "%c%dH  %dM  %dS  ",AM_PM ,hour, min, sec);
      |   ^~~~~~~
../Core/Src/main.c:129:3: warning: incompatible implicit declaration of built-in function 'sprintf'
../Core/Src/main.c:21:1: note: include '<stdio.h>' or provide a declaration of 'sprintf'
   20 | #include "main.h"
  +++ |+#include <stdio.h>
   21 | 
../Core/Src/main.c:129:18: warning: format '%c' expects argument of type 'int', but argument 3 has type 'char *' [-Wformat=]
  129 |   sprintf(str, "%c%dH  %dM  %dS  ",AM_PM ,hour, min, sec);
      |                 ~^                 ~~~~~
      |                  |                 |
      |                  int               char *
      |                 %s
../Core/Src/main.c:144:3: warning: implicit declaration of function 'printf' [-Wimplicit-function-declaration]
  144 |   printf("%d?‹œ %dë¶? %dì´?\n\r", hour, min, sec);
      |   ^~~~~~
../Core/Src/main.c:144:3: warning: incompatible implicit declaration of built-in function 'printf'
../Core/Src/main.c:144:3: note: include '<stdio.h>' or provide a declaration of 'printf'
../Core/Src/main.c: In function 'HAL_TIM_PeriodElapsedCallback':
../Core/Src/main.c:346:15: warning: assignment to 'char' from 'char *' makes integer from pointer without a cast [-Wint-conversion]
  346 |     AM_PM[10] = "AM";
      |               ^
../Core/Src/main.c:350:15: warning: assignment to 'char' from 'char *' makes integer from pointer without a cast [-Wint-conversion]
  350 |     AM_PM[10] = "PM";
      |               ^
arm-none-eabi-gcc -o "220425_I2C_LCD_Time.elf" @"objects.list"   -mcpu=cortex-m3 -T"C:\Users\KCCI26\STM32CubeIDE\workspace_1.9.0\220425_I2C_LCD_Time\STM32F103RBTX_FLASH.ld" --specs=nosys.specs -Wl,-Map="220425_I2C_LCD_Time.map" -Wl,--gc-sections -static --specs=nano.specs -mfloat-abi=soft -mthumb -u _printf_float -Wl,--start-group -lc -lm -Wl,--end-group
Finished building target: 220425_I2C_LCD_Time.elf
 
arm-none-eabi-size   220425_I2C_LCD_Time.elf 
arm-none-eabi-objdump -h -S  220425_I2C_LCD_Time.elf  > "220425_I2C_LCD_Time.list"
   text	   data	    bss	    dec	    hex	filename
  27036	    488	   1840	  29364	   72b4	220425_I2C_LCD_Time.elf
Finished building: default.size.stdout
 
Finished building: 220425_I2C_LCD_Time.list
 
16:02:12 **** Incremental Build of configuration Debug for project 220425_I2C_LCD_Time ****
make -j8 all 
arm-none-eabi-size   220425_I2C_LCD_Time.elf 
   text	   data	    bss	    dec	    hex	filename
  27036	    488	   1840	  29364	   72b4	220425_I2C_LCD_Time.elf
Finished building: default.size.stdout
 
16:03:54 **** Incremental Build of configuration Debug for project 220425_I2C_LCD_Time ****
make -j8 all 
arm-none-eabi-gcc "../Core/Src/main.c" -mcpu=cortex-m3 -std=gnu11 -g3 -DDEBUG -DUSE_HAL_DRIVER -DSTM32F103xB -c -I../Core/Inc -I../Drivers/STM32F1xx_HAL_Driver/Inc -I../Drivers/STM32F1xx_HAL_Driver/Inc/Legacy -I../Drivers/CMSIS/Device/ST/STM32F1xx/Include -I../Drivers/CMSIS/Include -O0 -ffunction-sections -fdata-sections -Wall -fstack-usage -MMD -MP -MF"Core/Src/main.d" -MT"Core/Src/main.o" --specs=nano.specs -mfloat-abi=soft -mthumb -o "Core/Src/main.o"
../Core/Src/main.c: In function 'main':
../Core/Src/main.c:114:2: warning: implicit declaration of function 'lcd_init' [-Wimplicit-function-declaration]
  114 |  lcd_init();
      |  ^~~~~~~~
../Core/Src/main.c:123:3: warning: implicit declaration of function 'lcd_put_cur' [-Wimplicit-function-declaration]
  123 |   lcd_put_cur(0, 0);
      |   ^~~~~~~~~~~
../Core/Src/main.c:124:3: warning: implicit declaration of function 'lcd_send_string' [-Wimplicit-function-declaration]
  124 |   lcd_send_string("clock");
      |   ^~~~~~~~~~~~~~~
../Core/Src/main.c:129:3: warning: implicit declaration of function 'sprintf' [-Wimplicit-function-declaration]
  129 |   sprintf(str, "%dH  %dM  %dS  ",hour, min, sec);
      |   ^~~~~~~
../Core/Src/main.c:129:3: warning: incompatible implicit declaration of built-in function 'sprintf'
../Core/Src/main.c:21:1: note: include '<stdio.h>' or provide a declaration of 'sprintf'
   20 | #include "main.h"
  +++ |+#include <stdio.h>
   21 | 
../Core/Src/main.c:145:3: warning: implicit declaration of function 'printf' [-Wimplicit-function-declaration]
  145 |   printf("%d?‹œ %dë¶? %dì´?\n\r", hour, min, sec);
      |   ^~~~~~
../Core/Src/main.c:145:3: warning: incompatible implicit declaration of built-in function 'printf'
../Core/Src/main.c:145:3: note: include '<stdio.h>' or provide a declaration of 'printf'
../Core/Src/main.c: In function 'HAL_TIM_PeriodElapsedCallback':
../Core/Src/main.c:347:15: warning: assignment to 'char' from 'char *' makes integer from pointer without a cast [-Wint-conversion]
  347 |     AM_PM[10] = "AM";
      |               ^
../Core/Src/main.c:351:15: warning: assignment to 'char' from 'char *' makes integer from pointer without a cast [-Wint-conversion]
  351 |     AM_PM[10] = "PM";
      |               ^
arm-none-eabi-gcc -o "220425_I2C_LCD_Time.elf" @"objects.list"   -mcpu=cortex-m3 -T"C:\Users\KCCI26\STM32CubeIDE\workspace_1.9.0\220425_I2C_LCD_Time\STM32F103RBTX_FLASH.ld" --specs=nosys.specs -Wl,-Map="220425_I2C_LCD_Time.map" -Wl,--gc-sections -static --specs=nano.specs -mfloat-abi=soft -mthumb -u _printf_float -Wl,--start-group -lc -lm -Wl,--end-group
Finished building target: 220425_I2C_LCD_Time.elf
 
arm-none-eabi-size   220425_I2C_LCD_Time.elf 
arm-none-eabi-objdump -h -S  220425_I2C_LCD_Time.elf  > "220425_I2C_LCD_Time.list"
   text	   data	    bss	    dec	    hex	filename
  27028	    488	   1840	  29356	   72ac	220425_I2C_LCD_Time.elf
Finished building: default.size.stdout
 
Finished building: 220425_I2C_LCD_Time.list
 
16:05:00 **** Incremental Build of configuration Debug for project 220425_I2C_LCD_Time ****
make -j8 all 
arm-none-eabi-gcc "../Core/Src/main.c" -mcpu=cortex-m3 -std=gnu11 -g3 -DDEBUG -DUSE_HAL_DRIVER -DSTM32F103xB -c -I../Core/Inc -I../Drivers/STM32F1xx_HAL_Driver/Inc -I../Drivers/STM32F1xx_HAL_Driver/Inc/Legacy -I../Drivers/CMSIS/Device/ST/STM32F1xx/Include -I../Drivers/CMSIS/Include -O0 -ffunction-sections -fdata-sections -Wall -fstack-usage -MMD -MP -MF"Core/Src/main.d" -MT"Core/Src/main.o" --specs=nano.specs -mfloat-abi=soft -mthumb -o "Core/Src/main.o"
../Core/Src/main.c: In function 'main':
../Core/Src/main.c:114:2: warning: implicit declaration of function 'lcd_init' [-Wimplicit-function-declaration]
  114 |  lcd_init();
      |  ^~~~~~~~
../Core/Src/main.c:123:3: warning: implicit declaration of function 'lcd_put_cur' [-Wimplicit-function-declaration]
  123 |   lcd_put_cur(0, 0);
      |   ^~~~~~~~~~~
../Core/Src/main.c:124:3: warning: implicit declaration of function 'lcd_send_string' [-Wimplicit-function-declaration]
  124 |   lcd_send_string("clock");
      |   ^~~~~~~~~~~~~~~
../Core/Src/main.c:129:3: warning: implicit declaration of function 'sprintf' [-Wimplicit-function-declaration]
  129 |   sprintf(str, "%dH  %dM  %dS  ",hour, min, sec);
      |   ^~~~~~~
../Core/Src/main.c:129:3: warning: incompatible implicit declaration of built-in function 'sprintf'
../Core/Src/main.c:21:1: note: include '<stdio.h>' or provide a declaration of 'sprintf'
   20 | #include "main.h"
  +++ |+#include <stdio.h>
   21 | 
../Core/Src/main.c:145:3: warning: implicit declaration of function 'printf' [-Wimplicit-function-declaration]
  145 |   printf("%d?‹œ %dë¶? %dì´?\n\r", hour, min, sec);
      |   ^~~~~~
../Core/Src/main.c:145:3: warning: incompatible implicit declaration of built-in function 'printf'
../Core/Src/main.c:145:3: note: include '<stdio.h>' or provide a declaration of 'printf'
../Core/Src/main.c: In function 'HAL_TIM_PeriodElapsedCallback':
../Core/Src/main.c:347:15: warning: assignment to 'char' from 'char *' makes integer from pointer without a cast [-Wint-conversion]
  347 |     AM_PM[10] = "AM";
      |               ^
../Core/Src/main.c:351:15: warning: assignment to 'char' from 'char *' makes integer from pointer without a cast [-Wint-conversion]
  351 |     AM_PM[10] = "PM";
      |               ^
arm-none-eabi-gcc -o "220425_I2C_LCD_Time.elf" @"objects.list"   -mcpu=cortex-m3 -T"C:\Users\KCCI26\STM32CubeIDE\workspace_1.9.0\220425_I2C_LCD_Time\STM32F103RBTX_FLASH.ld" --specs=nosys.specs -Wl,-Map="220425_I2C_LCD_Time.map" -Wl,--gc-sections -static --specs=nano.specs -mfloat-abi=soft -mthumb -u _printf_float -Wl,--start-group -lc -lm -Wl,--end-group
Finished building target: 220425_I2C_LCD_Time.elf
 
arm-none-eabi-size   220425_I2C_LCD_Time.elf 
arm-none-eabi-objdump -h -S  220425_I2C_LCD_Time.elf  > "220425_I2C_LCD_Time.list"
   text	   data	    bss	    dec	    hex	filename
  27028	    500	   1828	  29356	   72ac	220425_I2C_LCD_Time.elf
Finished building: default.size.stdout
 
Finished building: 220425_I2C_LCD_Time.list
 
16:05:41 **** Incremental Build of configuration Debug for project 220425_I2C_LCD_Time ****
make -j8 all 
arm-none-eabi-gcc "../Core/Src/main.c" -mcpu=cortex-m3 -std=gnu11 -g3 -DDEBUG -DUSE_HAL_DRIVER -DSTM32F103xB -c -I../Core/Inc -I../Drivers/STM32F1xx_HAL_Driver/Inc -I../Drivers/STM32F1xx_HAL_Driver/Inc/Legacy -I../Drivers/CMSIS/Device/ST/STM32F1xx/Include -I../Drivers/CMSIS/Include -O0 -ffunction-sections -fdata-sections -Wall -fstack-usage -MMD -MP -MF"Core/Src/main.d" -MT"Core/Src/main.o" --specs=nano.specs -mfloat-abi=soft -mthumb -o "Core/Src/main.o"
../Core/Src/main.c: In function 'main':
../Core/Src/main.c:114:2: warning: implicit declaration of function 'lcd_init' [-Wimplicit-function-declaration]
  114 |  lcd_init();
      |  ^~~~~~~~
../Core/Src/main.c:123:3: warning: implicit declaration of function 'lcd_put_cur' [-Wimplicit-function-declaration]
  123 |   lcd_put_cur(0, 0);
      |   ^~~~~~~~~~~
../Core/Src/main.c:124:3: warning: implicit declaration of function 'lcd_send_string' [-Wimplicit-function-declaration]
  124 |   lcd_send_string("clock");
      |   ^~~~~~~~~~~~~~~
../Core/Src/main.c:129:3: warning: implicit declaration of function 'sprintf' [-Wimplicit-function-declaration]
  129 |   sprintf(str, "%d : %d : %d  ",hour, min, sec);
      |   ^~~~~~~
../Core/Src/main.c:129:3: warning: incompatible implicit declaration of built-in function 'sprintf'
../Core/Src/main.c:21:1: note: include '<stdio.h>' or provide a declaration of 'sprintf'
   20 | #include "main.h"
  +++ |+#include <stdio.h>
   21 | 
../Core/Src/main.c:145:3: warning: implicit declaration of function 'printf' [-Wimplicit-function-declaration]
  145 |   printf("%d?‹œ %dë¶? %dì´?\n\r", hour, min, sec);
      |   ^~~~~~
../Core/Src/main.c:145:3: warning: incompatible implicit declaration of built-in function 'printf'
../Core/Src/main.c:145:3: note: include '<stdio.h>' or provide a declaration of 'printf'
../Core/Src/main.c: In function 'HAL_TIM_PeriodElapsedCallback':
../Core/Src/main.c:347:15: warning: assignment to 'char' from 'char *' makes integer from pointer without a cast [-Wint-conversion]
  347 |     AM_PM[10] = "AM";
      |               ^
../Core/Src/main.c:351:15: warning: assignment to 'char' from 'char *' makes integer from pointer without a cast [-Wint-conversion]
  351 |     AM_PM[10] = "PM";
      |               ^
arm-none-eabi-gcc -o "220425_I2C_LCD_Time.elf" @"objects.list"   -mcpu=cortex-m3 -T"C:\Users\KCCI26\STM32CubeIDE\workspace_1.9.0\220425_I2C_LCD_Time\STM32F103RBTX_FLASH.ld" --specs=nosys.specs -Wl,-Map="220425_I2C_LCD_Time.map" -Wl,--gc-sections -static --specs=nano.specs -mfloat-abi=soft -mthumb -u _printf_float -Wl,--start-group -lc -lm -Wl,--end-group
Finished building target: 220425_I2C_LCD_Time.elf
 
arm-none-eabi-size   220425_I2C_LCD_Time.elf 
arm-none-eabi-objdump -h -S  220425_I2C_LCD_Time.elf  > "220425_I2C_LCD_Time.list"
   text	   data	    bss	    dec	    hex	filename
  27028	    500	   1828	  29356	   72ac	220425_I2C_LCD_Time.elf
Finished building: default.size.stdout
 
Finished building: 220425_I2C_LCD_Time.list
 
16:06:10 **** Incremental Build of configuration Debug for project 220425_I2C_LCD_Time ****
make -j8 all 
arm-none-eabi-gcc "../Core/Src/main.c" -mcpu=cortex-m3 -std=gnu11 -g3 -DDEBUG -DUSE_HAL_DRIVER -DSTM32F103xB -c -I../Core/Inc -I../Drivers/STM32F1xx_HAL_Driver/Inc -I../Drivers/STM32F1xx_HAL_Driver/Inc/Legacy -I../Drivers/CMSIS/Device/ST/STM32F1xx/Include -I../Drivers/CMSIS/Include -O0 -ffunction-sections -fdata-sections -Wall -fstack-usage -MMD -MP -MF"Core/Src/main.d" -MT"Core/Src/main.o" --specs=nano.specs -mfloat-abi=soft -mthumb -o "Core/Src/main.o"
../Core/Src/main.c: In function 'main':
../Core/Src/main.c:114:2: warning: implicit declaration of function 'lcd_init' [-Wimplicit-function-declaration]
  114 |  lcd_init();
      |  ^~~~~~~~
../Core/Src/main.c:123:3: warning: implicit declaration of function 'lcd_put_cur' [-Wimplicit-function-declaration]
  123 |   lcd_put_cur(0, 0);
      |   ^~~~~~~~~~~
../Core/Src/main.c:124:3: warning: implicit declaration of function 'lcd_send_string' [-Wimplicit-function-declaration]
  124 |   lcd_send_string("clock");
      |   ^~~~~~~~~~~~~~~
../Core/Src/main.c:129:3: warning: implicit declaration of function 'sprintf' [-Wimplicit-function-declaration]
  129 |   sprintf(str, "%d : %d : %d  ",hour, min, sec);
      |   ^~~~~~~
../Core/Src/main.c:129:3: warning: incompatible implicit declaration of built-in function 'sprintf'
../Core/Src/main.c:21:1: note: include '<stdio.h>' or provide a declaration of 'sprintf'
   20 | #include "main.h"
  +++ |+#include <stdio.h>
   21 | 
../Core/Src/main.c:145:3: warning: implicit declaration of function 'printf' [-Wimplicit-function-declaration]
  145 |   printf("%d?‹œ %dë¶? %dì´?\n\r", hour, min, sec);
      |   ^~~~~~
../Core/Src/main.c:145:3: warning: incompatible implicit declaration of built-in function 'printf'
../Core/Src/main.c:145:3: note: include '<stdio.h>' or provide a declaration of 'printf'
../Core/Src/main.c: In function 'HAL_TIM_PeriodElapsedCallback':
../Core/Src/main.c:347:15: warning: assignment to 'char' from 'char *' makes integer from pointer without a cast [-Wint-conversion]
  347 |     AM_PM[10] = "AM";
      |               ^
../Core/Src/main.c:351:15: warning: assignment to 'char' from 'char *' makes integer from pointer without a cast [-Wint-conversion]
  351 |     AM_PM[10] = "PM";
      |               ^
arm-none-eabi-gcc -o "220425_I2C_LCD_Time.elf" @"objects.list"   -mcpu=cortex-m3 -T"C:\Users\KCCI26\STM32CubeIDE\workspace_1.9.0\220425_I2C_LCD_Time\STM32F103RBTX_FLASH.ld" --specs=nosys.specs -Wl,-Map="220425_I2C_LCD_Time.map" -Wl,--gc-sections -static --specs=nano.specs -mfloat-abi=soft -mthumb -u _printf_float -Wl,--start-group -lc -lm -Wl,--end-group
Finished building target: 220425_I2C_LCD_Time.elf
 
arm-none-eabi-size   220425_I2C_LCD_Time.elf 
arm-none-eabi-objdump -h -S  220425_I2C_LCD_Time.elf  > "220425_I2C_LCD_Time.list"
   text	   data	    bss	    dec	    hex	filename
  27028	    500	   1828	  29356	   72ac	220425_I2C_LCD_Time.elf
Finished building: default.size.stdout
 
Finished building: 220425_I2C_LCD_Time.list
 
16:06:36 **** Incremental Build of configuration Debug for project 220425_I2C_LCD_Time ****
make -j8 all 
arm-none-eabi-gcc "../Core/Src/main.c" -mcpu=cortex-m3 -std=gnu11 -g3 -DDEBUG -DUSE_HAL_DRIVER -DSTM32F103xB -c -I../Core/Inc -I../Drivers/STM32F1xx_HAL_Driver/Inc -I../Drivers/STM32F1xx_HAL_Driver/Inc/Legacy -I../Drivers/CMSIS/Device/ST/STM32F1xx/Include -I../Drivers/CMSIS/Include -O0 -ffunction-sections -fdata-sections -Wall -fstack-usage -MMD -MP -MF"Core/Src/main.d" -MT"Core/Src/main.o" --specs=nano.specs -mfloat-abi=soft -mthumb -o "Core/Src/main.o"
../Core/Src/main.c: In function 'main':
../Core/Src/main.c:114:2: warning: implicit declaration of function 'lcd_init' [-Wimplicit-function-declaration]
  114 |  lcd_init();
      |  ^~~~~~~~
../Core/Src/main.c:123:3: warning: implicit declaration of function 'lcd_put_cur' [-Wimplicit-function-declaration]
  123 |   lcd_put_cur(0, 0);
      |   ^~~~~~~~~~~
../Core/Src/main.c:124:3: warning: implicit declaration of function 'lcd_send_string' [-Wimplicit-function-declaration]
  124 |   lcd_send_string("clock");
      |   ^~~~~~~~~~~~~~~
../Core/Src/main.c:129:3: warning: implicit declaration of function 'sprintf' [-Wimplicit-function-declaration]
  129 |   sprintf(str, " %d : %d : %d  ",hour, min, sec);
      |   ^~~~~~~
../Core/Src/main.c:129:3: warning: incompatible implicit declaration of built-in function 'sprintf'
../Core/Src/main.c:21:1: note: include '<stdio.h>' or provide a declaration of 'sprintf'
   20 | #include "main.h"
  +++ |+#include <stdio.h>
   21 | 
../Core/Src/main.c:145:3: warning: implicit declaration of function 'printf' [-Wimplicit-function-declaration]
  145 |   printf("%d?‹œ %dë¶? %dì´?\n\r", hour, min, sec);
      |   ^~~~~~
../Core/Src/main.c:145:3: warning: incompatible implicit declaration of built-in function 'printf'
../Core/Src/main.c:145:3: note: include '<stdio.h>' or provide a declaration of 'printf'
../Core/Src/main.c: In function 'HAL_TIM_PeriodElapsedCallback':
../Core/Src/main.c:347:15: warning: assignment to 'char' from 'char *' makes integer from pointer without a cast [-Wint-conversion]
  347 |     AM_PM[10] = "AM";
      |               ^
../Core/Src/main.c:351:15: warning: assignment to 'char' from 'char *' makes integer from pointer without a cast [-Wint-conversion]
  351 |     AM_PM[10] = "PM";
      |               ^
arm-none-eabi-gcc -o "220425_I2C_LCD_Time.elf" @"objects.list"   -mcpu=cortex-m3 -T"C:\Users\KCCI26\STM32CubeIDE\workspace_1.9.0\220425_I2C_LCD_Time\STM32F103RBTX_FLASH.ld" --specs=nosys.specs -Wl,-Map="220425_I2C_LCD_Time.map" -Wl,--gc-sections -static --specs=nano.specs -mfloat-abi=soft -mthumb -u _printf_float -Wl,--start-group -lc -lm -Wl,--end-group
Finished building target: 220425_I2C_LCD_Time.elf
 
arm-none-eabi-size   220425_I2C_LCD_Time.elf 
arm-none-eabi-objdump -h -S  220425_I2C_LCD_Time.elf  > "220425_I2C_LCD_Time.list"
   text	   data	    bss	    dec	    hex	filename
  27028	    500	   1828	  29356	   72ac	220425_I2C_LCD_Time.elf
Finished building: default.size.stdout
 
Finished building: 220425_I2C_LCD_Time.list
 
16:17:52 **** Incremental Build of configuration Debug for project 220425_I2C_LCD_Time ****
make -j8 all 
arm-none-eabi-gcc "../Core/Src/main.c" -mcpu=cortex-m3 -std=gnu11 -g3 -DDEBUG -DUSE_HAL_DRIVER -DSTM32F103xB -c -I../Core/Inc -I../Drivers/STM32F1xx_HAL_Driver/Inc -I../Drivers/STM32F1xx_HAL_Driver/Inc/Legacy -I../Drivers/CMSIS/Device/ST/STM32F1xx/Include -I../Drivers/CMSIS/Include -O0 -ffunction-sections -fdata-sections -Wall -fstack-usage -MMD -MP -MF"Core/Src/main.d" -MT"Core/Src/main.o" --specs=nano.specs -mfloat-abi=soft -mthumb -o "Core/Src/main.o"
../Core/Src/main.c: In function 'main':
../Core/Src/main.c:114:2: warning: implicit declaration of function 'lcd_init' [-Wimplicit-function-declaration]
  114 |  lcd_init();
      |  ^~~~~~~~
../Core/Src/main.c:123:3: warning: implicit declaration of function 'lcd_put_cur' [-Wimplicit-function-declaration]
  123 |   lcd_put_cur(0, 0);
      |   ^~~~~~~~~~~
../Core/Src/main.c:124:3: warning: implicit declaration of function 'lcd_send_string' [-Wimplicit-function-declaration]
  124 |   lcd_send_string("clock");
      |   ^~~~~~~~~~~~~~~
../Core/Src/main.c:129:3: warning: implicit declaration of function 'sprintf' [-Wimplicit-function-declaration]
  129 |   sprintf(str, " %d : %d : %d  ", hour, min, sec);
      |   ^~~~~~~
../Core/Src/main.c:129:3: warning: incompatible implicit declaration of built-in function 'sprintf'
../Core/Src/main.c:21:1: note: include '<stdio.h>' or provide a declaration of 'sprintf'
   20 | #include "main.h"
  +++ |+#include <stdio.h>
   21 | 
../Core/Src/main.c:145:3: warning: implicit declaration of function 'printf' [-Wimplicit-function-declaration]
  145 |   printf("%d?‹œ %dë¶? %dì´?\n\r", hour, min, sec);
      |   ^~~~~~
../Core/Src/main.c:145:3: warning: incompatible implicit declaration of built-in function 'printf'
../Core/Src/main.c:145:3: note: include '<stdio.h>' or provide a declaration of 'printf'
../Core/Src/main.c: In function 'HAL_TIM_PeriodElapsedCallback':
../Core/Src/main.c:348:14: warning: assignment to 'char' from 'char *' makes integer from pointer without a cast [-Wint-conversion]
  348 |    AM_PM[10] = "PM";
      |              ^
../Core/Src/main.c:351:14: warning: assignment to 'char' from 'char *' makes integer from pointer without a cast [-Wint-conversion]
  351 |    AM_PM[10] = "AM";
      |              ^
arm-none-eabi-gcc -o "220425_I2C_LCD_Time.elf" @"objects.list"   -mcpu=cortex-m3 -T"C:\Users\KCCI26\STM32CubeIDE\workspace_1.9.0\220425_I2C_LCD_Time\STM32F103RBTX_FLASH.ld" --specs=nosys.specs -Wl,-Map="220425_I2C_LCD_Time.map" -Wl,--gc-sections -static --specs=nano.specs -mfloat-abi=soft -mthumb -u _printf_float -Wl,--start-group -lc -lm -Wl,--end-group
Finished building target: 220425_I2C_LCD_Time.elf
 
arm-none-eabi-size   220425_I2C_LCD_Time.elf 
arm-none-eabi-objdump -h -S  220425_I2C_LCD_Time.elf  > "220425_I2C_LCD_Time.list"
   text	   data	    bss	    dec	    hex	filename
  27028	    500	   1828	  29356	   72ac	220425_I2C_LCD_Time.elf
Finished building: default.size.stdout
 
Finished building: 220425_I2C_LCD_Time.list
 
16:22:45 **** Incremental Build of configuration Debug for project 220425_I2C_LCD_Time ****
make -j8 all 
arm-none-eabi-gcc "../Core/Src/main.c" -mcpu=cortex-m3 -std=gnu11 -g3 -DDEBUG -DUSE_HAL_DRIVER -DSTM32F103xB -c -I../Core/Inc -I../Drivers/STM32F1xx_HAL_Driver/Inc -I../Drivers/STM32F1xx_HAL_Driver/Inc/Legacy -I../Drivers/CMSIS/Device/ST/STM32F1xx/Include -I../Drivers/CMSIS/Include -O0 -ffunction-sections -fdata-sections -Wall -fstack-usage -MMD -MP -MF"Core/Src/main.d" -MT"Core/Src/main.o" --specs=nano.specs -mfloat-abi=soft -mthumb -o "Core/Src/main.o"
../Core/Src/main.c: In function 'main':
../Core/Src/main.c:114:2: warning: implicit declaration of function 'lcd_init' [-Wimplicit-function-declaration]
  114 |  lcd_init();
      |  ^~~~~~~~
../Core/Src/main.c:123:3: warning: implicit declaration of function 'lcd_put_cur' [-Wimplicit-function-declaration]
  123 |   lcd_put_cur(0, 0);
      |   ^~~~~~~~~~~
../Core/Src/main.c:124:3: warning: implicit declaration of function 'lcd_send_string' [-Wimplicit-function-declaration]
  124 |   lcd_send_string("clock");
      |   ^~~~~~~~~~~~~~~
../Core/Src/main.c:129:3: warning: implicit declaration of function 'sprintf' [-Wimplicit-function-declaration]
  129 |   sprintf(str, " %d : %d : %d  ", hour, min, sec);
      |   ^~~~~~~
../Core/Src/main.c:129:3: warning: incompatible implicit declaration of built-in function 'sprintf'
../Core/Src/main.c:21:1: note: include '<stdio.h>' or provide a declaration of 'sprintf'
   20 | #include "main.h"
  +++ |+#include <stdio.h>
   21 | 
../Core/Src/main.c:145:3: warning: implicit declaration of function 'printf' [-Wimplicit-function-declaration]
  145 |   printf("%d?‹œ %dë¶? %dì´?\n\r", hour, min, sec);
      |   ^~~~~~
../Core/Src/main.c:145:3: warning: incompatible implicit declaration of built-in function 'printf'
../Core/Src/main.c:145:3: note: include '<stdio.h>' or provide a declaration of 'printf'
../Core/Src/main.c: In function 'HAL_TIM_PeriodElapsedCallback':
../Core/Src/main.c:347:14: warning: assignment to 'char' from 'char *' makes integer from pointer without a cast [-Wint-conversion]
  347 |    AM_PM[10] = "PM";
      |              ^
../Core/Src/main.c:350:14: warning: assignment to 'char' from 'char *' makes integer from pointer without a cast [-Wint-conversion]
  350 |    AM_PM[10] = "AM";
      |              ^
arm-none-eabi-gcc -o "220425_I2C_LCD_Time.elf" @"objects.list"   -mcpu=cortex-m3 -T"C:\Users\KCCI26\STM32CubeIDE\workspace_1.9.0\220425_I2C_LCD_Time\STM32F103RBTX_FLASH.ld" --specs=nosys.specs -Wl,-Map="220425_I2C_LCD_Time.map" -Wl,--gc-sections -static --specs=nano.specs -mfloat-abi=soft -mthumb -u _printf_float -Wl,--start-group -lc -lm -Wl,--end-group
Finished building target: 220425_I2C_LCD_Time.elf
 
arm-none-eabi-size   220425_I2C_LCD_Time.elf 
arm-none-eabi-objdump -h -S  220425_I2C_LCD_Time.elf  > "220425_I2C_LCD_Time.list"
   text	   data	    bss	    dec	    hex	filename
  27044	    500	   1828	  29372	   72bc	220425_I2C_LCD_Time.elf
Finished building: default.size.stdout
 
Finished building: 220425_I2C_LCD_Time.list
 
